// Jest Snapshot v1, https://goo.gl/fbAQLP

exports[`Fees accumulator 1`] = `8`;

exports[`Fees accumulator 2`] = `8`;

exports[`Fees accumulator 3`] = `8`;

exports[`Fees accumulator 4`] = `8`;

exports[`Fees accumulator 5`] = `8`;

exports[`Fees accumulator 6`] = `8`;

exports[`Fees accumulator 7`] = `8`;

exports[`Fees accumulator 8`] = `8`;

exports[`Fees accumulator 9`] = `8`;

exports[`Fees accumulator 10`] = `8`;

exports[`Fees accumulator 11`] = `8`;

exports[`Fees accumulator 12`] = `8`;

exports[`Fees accumulator 13`] = `8`;

exports[`Fees accumulator 14`] = `8`;

exports[`Fees accumulator 15`] = `4`;

exports[`Fees anchors 1`] = `4`;

exports[`Fees bbsPlus 1`] = `12`;

exports[`Fees bbsPlus 2`] = `12`;

exports[`Fees bbsPlus 3`] = `12`;

exports[`Fees bbsPlus 4`] = `12`;

exports[`Fees bbsPlus 5`] = `12`;

exports[`Fees bbsPlus 6`] = `16`;

exports[`Fees bbsPlus 7`] = `8`;

exports[`Fees bbsPlus 8`] = `4`;

exports[`Fees bbsPlus 9`] = `4`;

exports[`Fees blobs 1`] = `88`;

exports[`Fees dids 1`] = `4`;

exports[`Fees dids 2`] = `4`;

exports[`Fees dids 3`] = `4`;

exports[`Fees dids 4`] = `4`;

exports[`Fees dids 5`] = `4`;

exports[`Fees dids 6`] = `8`;

exports[`Fees dids 7`] = `8`;

exports[`Fees dids 8`] = `4`;

exports[`Fees dids 9`] = `8`;

exports[`Fees dids 10`] = `8`;

exports[`Fees dids 11`] = `8`;

exports[`Fees dids 12`] = `4`;

exports[`Fees dids 13`] = `4`;

exports[`Fees dids 14`] = `4`;

exports[`Fees dids 15`] = `4`;

exports[`Fees dids 16`] = `8`;

exports[`Fees dids 17`] = `8`;

exports[`Fees dids 18`] = `8`;

exports[`Fees dids 19`] = `8`;

exports[`Fees dids 20`] = `4`;

exports[`Fees dids 21`] = `20`;

exports[`Fees revocation 1`] = `4`;

exports[`Fees revocation 2`] = `4`;

exports[`Fees revocation 3`] = `8`;

exports[`Fees revocation 4`] = `8`;

exports[`Fees revocation 5`] = `8`;

exports[`Fees revocation 6`] = `12`;

exports[`Fees revocation 7`] = `52`;

exports[`Fees transfers 1`] = `4`;

exports[`Fees transfers 2`] = `4`;
